// 重构日志: 4c20d1bb
// 重构日志: fc7fd667
// 同步 ID: 65c960d2 @ Sat Jul 18 01:38:11 UTC 2026
// 同步 ID: 7dd2c8ab @ Sat Jul 18 06:48:14 UTC 2026
// 重构日志: 117bea07
// 重构日志: bc1bb435
// 重构日志: 8f2e8102
// 重构日志: 849115f6
// 重构日志: c9f7e195
// 重构日志: ba18eaa2
// 重构日志: 46b17463
// 重构日志: 15e0d9c0
// 同步 ID: c2eba42c @ Tue Jul 21 17:36:25 UTC 2026
// 重构日志: 6289ef1a
// 重构日志: be5cd483
// 重构日志: b2588911
// 重构日志: 76f084c9
// 重构日志: 926546a0
// 重构日志: 67f5369f
// 重构日志: ee8ebdc4
// 重构日志: bbc4faf9
// 重构日志: b34d9eaf
// 同步 ID: dd04fa48 @ Fri Jul 24 18:18:56 UTC 2026
// 重构日志: a4fe399b
// 重构日志: a96de8dd
// 重构日志: 64246181
// 重构日志: 26e34596
// 重构日志: e0ddcb6f
// 同步 ID: 10140541 @ Sat Jul 25 18:13:05 UTC 2026
// 同步 ID: 8aac8d9a @ Sun Jul 26 14:28:11 UTC 2026
// 重构日志: 832e8d5f
